#-----------------------------------------------------------
# Vivado v2020.2 (64-bit)
# SW Build 3064766 on Wed Nov 18 09:12:45 MST 2020
# IP Build 3064653 on Wed Nov 18 14:17:31 MST 2020
# Start of session at: Mon Nov 24 18:27:13 2025
# Process ID: 15100
# Current directory: D:/workspace/vga_project
# Command line: vivado.exe -gui_launcher_event rodinguilauncherevent15600 D:\workspace\vga_project\vga_project.xpr
# Log file: D:/workspace/vga_project/vivado.log
# Journal file: D:/workspace/vga_project\vivado.jou
#-----------------------------------------------------------
start_gui
open_project D:/workspace/vga_project/vga_project.xpr
update_compile_order -fileset sources_1
open_hw_manager
connect_hw_server -allow_non_jtag
launch_runs impl_1 -to_step write_bitstream -jobs 8
wait_on_run impl_1
reset_run synth_1
launch_runs impl_1 -to_step write_bitstream -jobs 8
wait_on_run impl_1
reset_run synth_1
launch_runs impl_1 -to_step write_bitstream -jobs 8
wait_on_run impl_1
open_run impl_1
reset_run synth_1
launch_runs impl_1 -to_step write_bitstream -jobs 8
wait_on_run impl_1
